// Jest Snapshot v1, https://goo.gl/fbAQLP

exports[`Connected Components Vue Plugin MyButton.vue snippet creation 1`] = `
Object {
  "description": "General component description",
  "lang": "html",
  "snippet": "
<MyButton
  color=\\"string\\"
  disabled=\\"boolean\\"
  href=\\"string\\"
  icon=\\"string\\"
  iconPlacement=\\"string\\"
  iconProps=\\"object\\"
  label=\\"string\\"
  size=\\"string\\"
  to=\\"string|object\\"
/>
        ",
}
`;

exports[`Connected Components Vue Plugin MyIcon.vue snippet creation 1`] = `
Object {
  "description": "General component description",
  "lang": "html",
  "snippet": "
<MyIcon
  name=\\"string\\"
  width=\\"number\\"
  height=\\"number\\"
  title=\\"string\\"
  solid=\\"boolean\\"
/>
        ",
}
`;
